Microchip MPLAB XC8 Compiler V2.20

Linker command line:

-W-3 --edf=C:\Program Files\Microchip\xc8\v2.20\pic\dat\en_msgs.txt -cn \
  -h+dist/default/production\i2c_18854_mcc.X.production.sym \
  --cmf=dist/default/production\i2c_18854_mcc.X.production.cmf -z \
  -Q16F18854 -oC:\Users\linda\AppData\Local\Temp\sd2s.2 \
  --defsym=__MPLAB_BUILD=1 \
  -Mdist/default/production/i2c_18854_mcc.X.production.map -E1 \
  -ver=XC8 Compiler --acfsm=1493 -ASTACK=02002h-021EFh -pstack=STACK \
  -ACODE=00h-07FFhx2 -ASTRCODE=00h-0FFFh -ASTRING=00h-0FFhx16 \
  -ACONST=00h-0FFhx16 -AENTRY=00h-0FFhx16 -ACOMMON=070h-07Fh \
  -ABANK0=020h-06Fh -ABANK1=0A0h-0EFh -ABANK2=0120h-016Fh \
  -ABANK3=01A0h-01EFh -ABANK4=0220h-026Fh -ABANK5=02A0h-02EFh \
  -ABANK6=0320h-032Fh -ABIGRAM=02000h-021EFh \
  -ARAM=020h-06Fh,0A0h-0EFh,0120h-016Fh,01A0h-01EFh,0220h-026Fh,02A0h-02EFh,0320h-032Fh \
  -AABS1=020h-07Fh,0A0h-0EFh,0120h-016Fh,01A0h-01EFh,0220h-026Fh,02A0h-02EFh,0320h-032Fh \
  -ASFR0=00h-01Fh -ASFR1=080h-09Fh -ASFR2=0100h-011Fh -ASFR3=0180h-019Fh \
  -ASFR4=0200h-021Fh -ASFR5=0280h-029Fh -ASFR6=0300h-031Fh \
  -ASFR7=0380h-03EFh -ASFR8=0400h-046Fh -ASFR9=0480h-04EFh \
  -ASFR10=0500h-056Fh -ASFR11=0580h-05EFh -ASFR12=0600h-066Fh \
  -ASFR13=0680h-06EFh -ASFR14=0700h-076Fh -ASFR15=0780h-07EFh \
  -ASFR16=0800h-086Fh -ASFR17=0880h-08EFh -ASFR18=0900h-096Fh \
  -ASFR19=0980h-09EFh -ASFR20=0A00h-0A6Fh -ASFR21=0A80h-0AEFh \
  -ASFR22=0B00h-0B6Fh -ASFR23=0B80h-0BEFh -ASFR24=0C00h-0C6Fh \
  -ASFR25=0C80h-0CEFh -ASFR26=0D00h-0D6Fh -ASFR27=0D80h-0DEFh \
  -ASFR28=0E00h-0E6Fh -ASFR29=0E80h-0EEFh -ASFR30=0F00h-0F6Fh \
  -ASFR31=0F80h-0FEFh -ACONFIG=08007h-0800Bh -DCONFIG=2 \
  -AIDLOC=08000h-08003h -DIDLOC=2 -preset_vec=00h,intentry,init,end_init \
  -ppowerup=CODE -pcinit=CODE -pfunctab=ENTRY -AEEDATA=00h-0FFh/0F000h \
  -peeprom_data=EEDATA -DEEDATA=2 -DCODE=2 -DSTRCODE=2 -DSTRING=2 -DCONST=2 \
  -DENTRY=2 -k C:\Users\linda\AppData\Local\Temp\sd2s.o \
  dist/default/production\i2c_18854_mcc.X.production.o 

Object code version is 3.11

Machine type is 16F18854



                Name                               Link     Load   Length Selector   Space Scale
C:\Users\linda\AppData\Local\Temp\sd2s.o
                end_init                              2        2        2        0       0
                reset_vec                             0        0        2        0       0
                config                             8007     8007        5        0       4
dist/default/production\i2c_18854_mcc.X.production.o
                cinit                               7F8      7F8        8      FF0       0
                config                             8007     8007        5        0       4
                text16                              66A      66A        B      CD4       0
                text15                              675      675        C      CEA       0
                text14                              643      643        6      C86       0
                text13                              649      649        6      C92       0
                text12                              681      681       10      D02       0
                text11                              691      691       13      D22       0
                text10                              6A4      6A4       13      D48       0
                text9                               6B7      6B7       14      D6E       0
                text8                               795      795       63      F2A       0
                text7                               724      724       2E      E48       0
                text6                               6CB      6CB       15      D96       0
                text5                               6E0      6E0       1D      DC0       0
                text4                               657      657        9      CAE       0
                text3                               6FD      6FD       27      DFA       0
                text2                               64F      64F        8      C9E       0
                text1                               660      660        A      CC0       0
                maintext                            752      752       43      EA4       0
                cstackCOMMON                         70       70        D       70       1
                dataBANK0                            21       21        1       20       1
                bssCOMMON                            7D       7D        1       70       1
                stringtext2                         80E      80E        A     1000       0
                stringtext1                         800      800        E     1000       0
                nvBANK0                              20       20        1       20       1
                idataBANK0                          642      642        1      C84       0

TOTAL           Name                               Link     Load   Length     Space
        CLASS   STACK          

        CLASS   CODE           
                end_init                              2        2        2         0
                cinit                               7F8      7F8        8         0
                reset_vec                             0        0        2         0
                text16                              66A      66A        B         0
                text15                              675      675        C         0
                text14                              643      643        6         0
                text13                              649      649        6         0
                text12                              681      681       10         0
                text11                              691      691       13         0
                text10                              6A4      6A4       13         0
                text9                               6B7      6B7       14         0
                text8                               795      795       63         0
                text7                               724      724       2E         0
                text6                               6CB      6CB       15         0
                text5                               6E0      6E0       1D         0
                text4                               657      657        9         0
                text3                               6FD      6FD       27         0
                text2                               64F      64F        8         0
                text1                               660      660        A         0
                maintext                            752      752       43         0
                idataBANK0                          642      642        1         0

        CLASS   STRCODE        
                stringtext2                         80E      80E        A         0
                stringtext1                         800      800        E         0

        CLASS   STRING         

        CLASS   CONST          

        CLASS   ENTRY          

        CLASS   COMMON         
                cstackCOMMON                         70       70        D         1
                bssCOMMON                            7D       7D        1         1

        CLASS   BANK0          
                dataBANK0                            21       21        1         1
                nvBANK0                              20       20        1         1

        CLASS   BANK1          

        CLASS   BANK2          

        CLASS   BANK3          

        CLASS   BANK4          

        CLASS   BANK5          

        CLASS   BANK6          

        CLASS   BIGRAM         

        CLASS   RAM            

        CLASS   ABS1           
                abs_s1                               7E       7E        2         1

        CLASS   SFR0           

        CLASS   SFR1           

        CLASS   SFR2           

        CLASS   SFR3           

        CLASS   SFR4           

        CLASS   SFR5           

        CLASS   SFR6           

        CLASS   SFR7           

        CLASS   SFR8           

        CLASS   SFR9           

        CLASS   SFR10          

        CLASS   SFR11          

        CLASS   SFR12          

        CLASS   SFR13          

        CLASS   SFR14          

        CLASS   SFR15          

        CLASS   SFR16          

        CLASS   SFR17          

        CLASS   SFR18          

        CLASS   SFR19          

        CLASS   SFR20          

        CLASS   SFR21          

        CLASS   SFR22          

        CLASS   SFR23          

        CLASS   SFR24          

        CLASS   SFR25          

        CLASS   SFR26          

        CLASS   SFR27          

        CLASS   SFR28          

        CLASS   SFR29          

        CLASS   SFR30          

        CLASS   SFR31          

        CLASS   CONFIG         
                config                             8007     8007        5         4

        CLASS   IDLOC          

        CLASS   EEDATA         

        CLASS   BANK31         

        CLASS   BANK30         

        CLASS   BANK29         

        CLASS   BANK28         

        CLASS   BANK27         

        CLASS   BANK26         

        CLASS   BANK25         

        CLASS   BANK24         

        CLASS   BANK23         

        CLASS   BANK22         

        CLASS   BANK21         

        CLASS   BANK20         

        CLASS   BANK19         

        CLASS   BANK18         

        CLASS   BANK17         

        CLASS   BANK16         

        CLASS   BANK15         

        CLASS   BANK14         

        CLASS   BANK13         

        CLASS   BANK12         

        CLASS   BANK11         

        CLASS   BANK10         

        CLASS   BANK9          

        CLASS   BANK8          

        CLASS   BANK7          



SEGMENTS        Name                           Load    Length   Top    Selector   Space  Class     Delta

                reset_vec                      000000  000004  000004         0       0  CODE        2
                nvBANK0                        000020  000002  000022        20       1  BANK0       1
                cstackCOMMON                   000070  00000E  00007E        70       1  COMMON      1
                idataBANK0                     000642  000001  000643       C84       0  CODE        2
                text14                         000643  000006  000649       C86       0  CODE        2
                text13                         000649  000006  00064F       C92       0  CODE        2
                text2                          00064F  000008  000657       C9E       0  CODE        2
                text4                          000657  000009  000660       CAE       0  CODE        2
                text1                          000660  00000A  00066A       CC0       0  CODE        2
                text16                         00066A  00000B  000675       CD4       0  CODE        2
                text15                         000675  00000C  000681       CEA       0  CODE        2
                text12                         000681  000010  000691       D02       0  CODE        2
                text11                         000691  000013  0006A4       D22       0  CODE        2
                text10                         0006A4  000013  0006B7       D48       0  CODE        2
                text9                          0006B7  000014  0006CB       D6E       0  CODE        2
                text6                          0006CB  000015  0006E0       D96       0  CODE        2
                text5                          0006E0  00001D  0006FD       DC0       0  CODE        2
                text3                          0006FD  000027  000724       DFA       0  CODE        2
                text7                          000724  00002E  000752       E48       0  CODE        2
                maintext                       000752  000043  000795       EA4       0  CODE        2
                text8                          000795  000063  0007F8       F2A       0  CODE        2
                cinit                          0007F8  000008  000800       FF0       0  CODE        2
                stringtext1                    000800  000018  000818      1000       0  STRCODE     2


UNUSED ADDRESS RANGES

        Name                Unused          Largest block    Delta
        BANK0            00022-0006F              4E           1
        BANK1            000A0-000EF              50           1
        BANK2            00120-0016F              50           1
        BANK3            001A0-001EF              50           1
        BANK4            00220-0026F              50           1
        BANK5            002A0-002EF              50           1
        BANK6            00320-0032F              10           1
        BIGRAM           02000-021EF             1F0           1
        CODE             00004-00641             63E           2
                         00818-00FFF             7E8
        CONST            00004-00641             100           2
                         00818-00FFF             100
        EEDATA           0F000-0F0FF             100           2
        ENTRY            00004-00641             100           2
                         00818-00FFF             100
        IDLOC            08000-08003               4           2
        RAM              00022-0006F              4E           1
                         000A0-000EF              50
                         00120-0016F              50
                         001A0-001EF              50
                         00220-0026F              50
                         002A0-002EF              50
                         00320-0032F              10
        SFR0             00000-0001F              20           1
        SFR1             00080-0009F              20           1
        SFR10            00500-0056F              70           1
        SFR11            00580-005EF              70           1
        SFR12            00600-0066F              70           1
        SFR13            00680-006EF              70           1
        SFR14            00700-0076F              70           1
        SFR15            00780-007EF              70           1
        SFR16            00800-0086F              70           1
        SFR17            00880-008EF              70           1
        SFR18            00900-0096F              70           1
        SFR19            00980-009EF              70           1
        SFR2             00100-0011F              20           1
        SFR20            00A00-00A6F              70           1
        SFR21            00A80-00AEF              70           1
        SFR22            00B00-00B6F              70           1
        SFR23            00B80-00BEF              70           1
        SFR24            00C00-00C6F              70           1
        SFR25            00C80-00CEF              70           1
        SFR26            00D00-00D6F              70           1
        SFR27            00D80-00DEF              70           1
        SFR28            00E00-00E6F              70           1
        SFR29            00E80-00EEF              70           1
        SFR3             00180-0019F              20           1
        SFR30            00F00-00F6F              70           1
        SFR31            00F80-00FEF              70           1
        SFR4             00200-0021F              20           1
        SFR5             00280-0029F              20           1
        SFR6             00300-0031F              20           1
        SFR7             00380-003EF              70           1
        SFR8             00400-0046F              70           1
        SFR9             00480-004EF              70           1
        STACK            02002-021EF             1EE           1
        STRCODE          00004-00641             63E           2
                         00818-00FFF             7E8
        STRING           00004-00641             100           2
                         00818-00FFF             100

                                  Symbol Table

I2C_Master_Write@data            cstackCOMMON 00070
IO_Expander_Write@Data           cstackCOMMON 00071
LCD_CMD@CMD                      cstackCOMMON 00075
LCD_Init@I2C_Add                 cstackCOMMON 00077
LCD_Set_Cursor@COL               cstackCOMMON 00076
LCD_Set_Cursor@ROW               cstackCOMMON 00079
LCD_Write_4Bit@Nibble            cstackCOMMON 00073
LCD_Write_Char@Data              cstackCOMMON 00075
LCD_Write_String@Str             cstackCOMMON 00076
LCD_Write_String@i               cstackCOMMON 00079
_ANSELA                          (abs)        00F38
_ANSELB                          (abs)        00F43
_ANSELC                          (abs)        00F4E
_BackLight_State                 dataBANK0    00021
_I2C_Master_Init                 text16       0066A
_I2C_Master_Start                text14       00643
_I2C_Master_Stop                 text13       00649
_I2C_Master_Wait                 text15       00675
_I2C_Master_Write                text12       00681
_INLVLA                          (abs)        00F3C
_INLVLB                          (abs)        00F47
_INLVLC                          (abs)        00F52
_INLVLE                          (abs)        00F68
_IO_Expander_Write               text11       00691
_LATA                            (abs)        00016
_LATB                            (abs)        00017
_LATC                            (abs)        00018
_LCD_CMD                         text9        006B7
_LCD_Init                        text8        00795
_LCD_Set_Cursor                  text7        00724
_LCD_Write_4Bit                  text10       006A4
_LCD_Write_Char                  text6        006CB
_LCD_Write_String                text5        006E0
_ODCONA                          (abs)        00F3A
_ODCONB                          (abs)        00F45
_ODCONC                          (abs)        00F50
_OSCCON1                         (abs)        0088D
_OSCCON3                         (abs)        0088F
_OSCEN                           (abs)        00891
_OSCFRQ                          (abs)        00893
_OSCILLATOR_Initialize           text4        00657
_OSCTUNE                         (abs)        00892
_PIN_MANAGER_Initialize          text3        006FD
_PMD0                            (abs)        00796
_PMD1                            (abs)        00797
_PMD2                            (abs)        00798
_PMD3                            (abs)        00799
_PMD4                            (abs)        0079A
_PMD5                            (abs)        0079B
_PMD_Initialize                  text2        0064F
_PORTAbits                       (abs)        0000C
_RS                              bssCOMMON    0007D
_SLRCONA                         (abs)        00F3B
_SLRCONB                         (abs)        00F46
_SLRCONC                         (abs)        00F51
_SSP1ADD                         (abs)        0018D
_SSP1BUF                         (abs)        0018C
_SSP1CON1                        (abs)        00190
_SSP1CON2                        (abs)        00191
_SSP1CON2bits                    (abs)        00191
_SSP1IF                          (abs)        03878
_SSP1STAT                        (abs)        0018F
_SYSTEM_Initialize               text1        00660
_TRISA                           (abs)        00011
_TRISAbits                       (abs)        00011
_TRISB                           (abs)        00012
_TRISC                           (abs)        00013
_TRISC3                          (abs)        0009B
_TRISC4                          (abs)        0009C
_WPUA                            (abs)        00F39
_WPUB                            (abs)        00F44
_WPUC                            (abs)        00F4F
_WPUE                            (abs)        00F65
__Habs1                          abs1         00000
__Hbank0                         bank0        00000
__Hbank1                         bank1        00000
__Hbank10                        bank10       00000
__Hbank11                        bank11       00000
__Hbank12                        bank12       00000
__Hbank13                        bank13       00000
__Hbank14                        bank14       00000
__Hbank15                        bank15       00000
__Hbank16                        bank16       00000
__Hbank17                        bank17       00000
__Hbank18                        bank18       00000
__Hbank19                        bank19       00000
__Hbank2                         bank2        00000
__Hbank20                        bank20       00000
__Hbank21                        bank21       00000
__Hbank22                        bank22       00000
__Hbank23                        bank23       00000
__Hbank24                        bank24       00000
__Hbank25                        bank25       00000
__Hbank26                        bank26       00000
__Hbank27                        bank27       00000
__Hbank28                        bank28       00000
__Hbank29                        bank29       00000
__Hbank3                         bank3        00000
__Hbank30                        bank30       00000
__Hbank31                        bank31       00000
__Hbank4                         bank4        00000
__Hbank5                         bank5        00000
__Hbank6                         bank6        00000
__Hbank7                         bank7        00000
__Hbank8                         bank8        00000
__Hbank9                         bank9        00000
__Hbigram                        bigram       00000
__HbssCOMMON                     bssCOMMON    00000
__Hcinit                         cinit        00800
__Hclrtext                       clrtext      00000
__Hcode                          code         00000
__Hcommon                        common       00000
__Hconfig                        config       0800C
__HcstackCOMMON                  cstackCOMMON 00000
__HdataBANK0                     dataBANK0    00000
__Heeprom_data                   eeprom_data  00000
__Hend_init                      end_init     00004
__Hfunctab                       functab      00000
__HidataBANK0                    idataBANK0   00000
__Hinit                          init         00002
__Hintentry                      intentry     00002
__Hmaintext                      maintext     00000
__HnvBANK0                       nvBANK0      00000
__Hpowerup                       powerup      00000
__Hram                           ram          00000
__Hreset_vec                     reset_vec    00002
__Hsfr0                          sfr0         00000
__Hsfr1                          sfr1         00000
__Hsfr10                         sfr10        00000
__Hsfr11                         sfr11        00000
__Hsfr12                         sfr12        00000
__Hsfr13                         sfr13        00000
__Hsfr14                         sfr14        00000
__Hsfr15                         sfr15        00000
__Hsfr16                         sfr16        00000
__Hsfr17                         sfr17        00000
__Hsfr18                         sfr18        00000
__Hsfr19                         sfr19        00000
__Hsfr2                          sfr2         00000
__Hsfr20                         sfr20        00000
__Hsfr21                         sfr21        00000
__Hsfr22                         sfr22        00000
__Hsfr23                         sfr23        00000
__Hsfr24                         sfr24        00000
__Hsfr25                         sfr25        00000
__Hsfr26                         sfr26        00000
__Hsfr27                         sfr27        00000
__Hsfr28                         sfr28        00000
__Hsfr29                         sfr29        00000
__Hsfr3                          sfr3         00000
__Hsfr30                         sfr30        00000
__Hsfr31                         sfr31        00000
__Hsfr4                          sfr4         00000
__Hsfr5                          sfr5         00000
__Hsfr6                          sfr6         00000
__Hsfr7                          sfr7         00000
__Hsfr8                          sfr8         00000
__Hsfr9                          sfr9         00000
__Hspace_0                       (abs)        00818
__Hspace_1                       (abs)        0007E
__Hspace_2                       (abs)        00000
__Hspace_3                       (abs)        00000
__Hspace_4                       (abs)        10013
__Hstack                         stack        00000
__Hstrings                       strings      00000
__Hstringtext1                   stringtext1  00000
__Hstringtext2                   stringtext2  00000
__Hstringtext3                   stringtext3  00000
__Htext                          text         00000
__Labs1                          abs1         00000
__Lbank0                         bank0        00000
__Lbank1                         bank1        00000
__Lbank10                        bank10       00000
__Lbank11                        bank11       00000
__Lbank12                        bank12       00000
__Lbank13                        bank13       00000
__Lbank14                        bank14       00000
__Lbank15                        bank15       00000
__Lbank16                        bank16       00000
__Lbank17                        bank17       00000
__Lbank18                        bank18       00000
__Lbank19                        bank19       00000
__Lbank2                         bank2        00000
__Lbank20                        bank20       00000
__Lbank21                        bank21       00000
__Lbank22                        bank22       00000
__Lbank23                        bank23       00000
__Lbank24                        bank24       00000
__Lbank25                        bank25       00000
__Lbank26                        bank26       00000
__Lbank27                        bank27       00000
__Lbank28                        bank28       00000
__Lbank29                        bank29       00000
__Lbank3                         bank3        00000
__Lbank30                        bank30       00000
__Lbank31                        bank31       00000
__Lbank4                         bank4        00000
__Lbank5                         bank5        00000
__Lbank6                         bank6        00000
__Lbank7                         bank7        00000
__Lbank8                         bank8        00000
__Lbank9                         bank9        00000
__Lbigram                        bigram       00000
__LbssCOMMON                     bssCOMMON    00000
__Lcinit                         cinit        007F8
__Lclrtext                       clrtext      00000
__Lcode                          code         00000
__Lcommon                        common       00000
__Lconfig                        config       00000
__LcstackCOMMON                  cstackCOMMON 00000
__LdataBANK0                     dataBANK0    00000
__Leeprom_data                   eeprom_data  00000
__Lend_init                      end_init     00002
__Lfunctab                       functab      00000
__LidataBANK0                    idataBANK0   00000
__Linit                          init         00002
__Lintentry                      intentry     00002
__Lmaintext                      maintext     00000
__LnvBANK0                       nvBANK0      00000
__Lpowerup                       powerup      00000
__Lram                           ram          00000
__Lreset_vec                     reset_vec    00000
__Lsfr0                          sfr0         00000
__Lsfr1                          sfr1         00000
__Lsfr10                         sfr10        00000
__Lsfr11                         sfr11        00000
__Lsfr12                         sfr12        00000
__Lsfr13                         sfr13        00000
__Lsfr14                         sfr14        00000
__Lsfr15                         sfr15        00000
__Lsfr16                         sfr16        00000
__Lsfr17                         sfr17        00000
__Lsfr18                         sfr18        00000
__Lsfr19                         sfr19        00000
__Lsfr2                          sfr2         00000
__Lsfr20                         sfr20        00000
__Lsfr21                         sfr21        00000
__Lsfr22                         sfr22        00000
__Lsfr23                         sfr23        00000
__Lsfr24                         sfr24        00000
__Lsfr25                         sfr25        00000
__Lsfr26                         sfr26        00000
__Lsfr27                         sfr27        00000
__Lsfr28                         sfr28        00000
__Lsfr29                         sfr29        00000
__Lsfr3                          sfr3         00000
__Lsfr30                         sfr30        00000
__Lsfr31                         sfr31        00000
__Lsfr4                          sfr4         00000
__Lsfr5                          sfr5         00000
__Lsfr6                          sfr6         00000
__Lsfr7                          sfr7         00000
__Lsfr8                          sfr8         00000
__Lsfr9                          sfr9         00000
__Lspace_0                       (abs)        00000
__Lspace_1                       (abs)        00000
__Lspace_2                       (abs)        00000
__Lspace_3                       (abs)        00000
__Lspace_4                       (abs)        00000
__Lstack                         stack        00000
__Lstrings                       strings      00000
__Lstringtext1                   stringtext1  00000
__Lstringtext2                   stringtext2  00000
__Lstringtext3                   stringtext3  00000
__Ltext                          text         00000
__S0                             (abs)        00818
__S1                             (abs)        0007E
__S2                             (abs)        00000
__S3                             (abs)        00000
___int_sp                        stack        00000
___latbits                       (abs)        00001
___sp                            stack        00000
___stackhi                       (abs)        021EF
___stacklo                       (abs)        02002
__end_of_I2C_Master_Init         text16       00675
__end_of_I2C_Master_Start        text14       00649
__end_of_I2C_Master_Stop         text13       0064F
__end_of_I2C_Master_Wait         text15       00681
__end_of_I2C_Master_Write        text12       00691
__end_of_IO_Expander_Write       text11       006A4
__end_of_LCD_CMD                 text9        006CB
__end_of_LCD_Init                text8        007F8
__end_of_LCD_Set_Cursor          text7        00752
__end_of_LCD_Write_4Bit          text10       006B7
__end_of_LCD_Write_Char          text6        006E0
__end_of_LCD_Write_String        text5        006FD
__end_of_OSCILLATOR_Initialize   text4        00660
__end_of_PIN_MANAGER_Initialize  text3        00724
__end_of_PMD_Initialize          text2        00657
__end_of_SYSTEM_Initialize       text1        0066A
__end_of__initialization         cinit        007FD
__end_of_main                    maintext     00795
__initialization                 cinit        007F8
__pbssCOMMON                     bssCOMMON    0007D
__pcstackCOMMON                  cstackCOMMON 00070
__pdataBANK0                     dataBANK0    00021
__pidataBANK0                    idataBANK0   00642
__pmaintext                      maintext     00752
__pnvBANK0                       nvBANK0      00020
__pstringtext1                   stringtext1  00800
__pstringtext2                   stringtext2  0080E
__pstringtext3                   stringtext3  00000
__ptext1                         text1        00660
__ptext10                        text10       006A4
__ptext11                        text11       00691
__ptext12                        text12       00681
__ptext13                        text13       00649
__ptext14                        text14       00643
__ptext15                        text15       00675
__ptext16                        text16       0066A
__ptext2                         text2        0064F
__ptext3                         text3        006FD
__ptext4                         text4        00657
__ptext5                         text5        006E0
__ptext6                         text6        006CB
__ptext7                         text7        00724
__ptext8                         text8        00795
__ptext9                         text9        006B7
__size_of_I2C_Master_Init        (abs)        00000
__size_of_I2C_Master_Start       (abs)        00000
__size_of_I2C_Master_Stop        (abs)        00000
__size_of_I2C_Master_Wait        (abs)        00000
__size_of_I2C_Master_Write       (abs)        00000
__size_of_IO_Expander_Write      (abs)        00000
__size_of_LCD_CMD                (abs)        00000
__size_of_LCD_Init               (abs)        00000
__size_of_LCD_Set_Cursor         (abs)        00000
__size_of_LCD_Write_4Bit         (abs)        00000
__size_of_LCD_Write_Char         (abs)        00000
__size_of_LCD_Write_String       (abs)        00000
__size_of_OSCILLATOR_Initialize  (abs)        00000
__size_of_PIN_MANAGER_Initialize (abs)        00000
__size_of_PMD_Initialize         (abs)        00000
__size_of_SYSTEM_Initialize      (abs)        00000
__size_of_main                   (abs)        00000
_i2c_add                         nvBANK0      00020
_main                            maintext     00752
btemp                            (abs)        0007E
end_of_initialization            cinit        007FD
intlevel0                        functab      00000
intlevel1                        functab      00000
intlevel2                        functab      00000
intlevel3                        functab      00000
intlevel4                        functab      00000
intlevel5                        functab      00000
reset_vec                        reset_vec    00000
start                            init         00002
start_initialization             cinit        007F8
wtemp0                           (abs)        0007E


FUNCTION INFORMATION:

 *************** function _main *****************
 Defined at:
		line 5 in file "main.c"
 Parameters:    Size  Location     Type
		None
 Auto vars:     Size  Location     Type
		None
 Return value:  Size  Location     Type
                  1    wreg      void 
 Registers used:
		wreg, fsr0l, fsr0h, status,2, status,0, pclath, cstack
 Tracked objects:
		On entry : 
		On exit  : 
		Unchanged: 
 Data sizes:     COMMON   BANK0   BANK1   BANK2   BANK3   BANK4   BANK5   BANK6
      Params:         0       0       0       0       0       0       0       0
      Locals:         0       0       0       0       0       0       0       0
      Temps:          2       0       0       0       0       0       0       0
      Totals:         2       0       0       0       0       0       0       0
Total ram usage:        2 bytes
 Hardware stack levels required when called:    6
 This function calls:
		_I2C_Master_Init
		_LCD_Init
		_LCD_Set_Cursor
		_LCD_Write_String
		_SYSTEM_Initialize
 This function is called by:
		Startup code after reset
 This function uses a non-reentrant model


 *************** function _SYSTEM_Initialize *****************
 Defined at:
		line 50 in file "mcc_generated_files/mcc.c"
 Parameters:    Size  Location     Type
		None
 Auto vars:     Size  Location     Type
		None
 Return value:  Size  Location     Type
                  1    wreg      void 
 Registers used:
		wreg, status,2, status,0, pclath, cstack
 Tracked objects:
		On entry : 
		On exit  : 
		Unchanged: 
 Data sizes:     COMMON   BANK0   BANK1   BANK2   BANK3   BANK4   BANK5   BANK6
      Params:         0       0       0       0       0       0       0       0
      Locals:         0       0       0       0       0       0       0       0
      Temps:          0       0       0       0       0       0       0       0
      Totals:         0       0       0       0       0       0       0       0
Total ram usage:        0 bytes
 Hardware stack levels used:    1
 Hardware stack levels required when called:    1
 This function calls:
		_OSCILLATOR_Initialize
		_PIN_MANAGER_Initialize
		_PMD_Initialize
 This function is called by:
		_main
 This function uses a non-reentrant model


 *************** function _PMD_Initialize *****************
 Defined at:
		line 71 in file "mcc_generated_files/mcc.c"
 Parameters:    Size  Location     Type
		None
 Auto vars:     Size  Location     Type
		None
 Return value:  Size  Location     Type
                  1    wreg      void 
 Registers used:
		status,2
 Tracked objects:
		On entry : 
		On exit  : 
		Unchanged: 
 Data sizes:     COMMON   BANK0   BANK1   BANK2   BANK3   BANK4   BANK5   BANK6
      Params:         0       0       0       0       0       0       0       0
      Locals:         0       0       0       0       0       0       0       0
      Temps:          0       0       0       0       0       0       0       0
      Totals:         0       0       0       0       0       0       0       0
Total ram usage:        0 bytes
 Hardware stack levels used:    1
 This function calls:
		Nothing
 This function is called by:
		_SYSTEM_Initialize
 This function uses a non-reentrant model


 *************** function _PIN_MANAGER_Initialize *****************
 Defined at:
		line 55 in file "mcc_generated_files/pin_manager.c"
 Parameters:    Size  Location     Type
		None
 Auto vars:     Size  Location     Type
		None
 Return value:  Size  Location     Type
                  1    wreg      void 
 Registers used:
		wreg, status,2
 Tracked objects:
		On entry : 
		On exit  : 
		Unchanged: 
 Data sizes:     COMMON   BANK0   BANK1   BANK2   BANK3   BANK4   BANK5   BANK6
      Params:         0       0       0       0       0       0       0       0
      Locals:         0       0       0       0       0       0       0       0
      Temps:          0       0       0       0       0       0       0       0
      Totals:         0       0       0       0       0       0       0       0
Total ram usage:        0 bytes
 Hardware stack levels used:    1
 This function calls:
		Nothing
 This function is called by:
		_SYSTEM_Initialize
 This function uses a non-reentrant model


 *************** function _OSCILLATOR_Initialize *****************
 Defined at:
		line 57 in file "mcc_generated_files/mcc.c"
 Parameters:    Size  Location     Type
		None
 Auto vars:     Size  Location     Type
		None
 Return value:  Size  Location     Type
                  1    wreg      void 
 Registers used:
		wreg, status,2
 Tracked objects:
		On entry : 
		On exit  : 
		Unchanged: 
 Data sizes:     COMMON   BANK0   BANK1   BANK2   BANK3   BANK4   BANK5   BANK6
      Params:         0       0       0       0       0       0       0       0
      Locals:         0       0       0       0       0       0       0       0
      Temps:          0       0       0       0       0       0       0       0
      Totals:         0       0       0       0       0       0       0       0
Total ram usage:        0 bytes
 Hardware stack levels used:    1
 This function calls:
		Nothing
 This function is called by:
		_SYSTEM_Initialize
 This function uses a non-reentrant model


 *************** function _LCD_Write_String *****************
 Defined at:
		line 134 in file "./I2C_LCD.c"
 Parameters:    Size  Location     Type
  Str             2    6[COMMON] PTR unsigned char 
		 -> STR_2(10), STR_1(14), 
 Auto vars:     Size  Location     Type
  i               2    9[COMMON] int 
 Return value:  Size  Location     Type
                  1    wreg      void 
 Registers used:
		wreg, fsr0l, fsr0h, status,2, status,0, pclath, cstack
 Tracked objects:
		On entry : 
		On exit  : 
		Unchanged: 
 Data sizes:     COMMON   BANK0   BANK1   BANK2   BANK3   BANK4   BANK5   BANK6
      Params:         2       0       0       0       0       0       0       0
      Locals:         2       0       0       0       0       0       0       0
      Temps:          1       0       0       0       0       0       0       0
      Totals:         5       0       0       0       0       0       0       0
Total ram usage:        5 bytes
 Hardware stack levels used:    1
 Hardware stack levels required when called:    5
 This function calls:
		_LCD_Write_Char
 This function is called by:
		_main
 This function uses a non-reentrant model


 *************** function _LCD_Write_Char *****************
 Defined at:
		line 129 in file "./I2C_LCD.c"
 Parameters:    Size  Location     Type
  Data            1    wreg     unsigned char 
 Auto vars:     Size  Location     Type
  Data            1    5[COMMON] unsigned char 
 Return value:  Size  Location     Type
                  1    wreg      void 
 Registers used:
		wreg, status,2, status,0, pclath, cstack
 Tracked objects:
		On entry : 
		On exit  : 
		Unchanged: 
 Data sizes:     COMMON   BANK0   BANK1   BANK2   BANK3   BANK4   BANK5   BANK6
      Params:         0       0       0       0       0       0       0       0
      Locals:         1       0       0       0       0       0       0       0
      Temps:          1       0       0       0       0       0       0       0
      Totals:         2       0       0       0       0       0       0       0
Total ram usage:        2 bytes
 Hardware stack levels used:    1
 Hardware stack levels required when called:    4
 This function calls:
		_LCD_Write_4Bit
 This function is called by:
		_LCD_Write_String
 This function uses a non-reentrant model


 *************** function _LCD_Set_Cursor *****************
 Defined at:
		line 138 in file "./I2C_LCD.c"
 Parameters:    Size  Location     Type
  ROW             1    wreg     unsigned char 
  COL             1    6[COMMON] unsigned char 
 Auto vars:     Size  Location     Type
  ROW             1    9[COMMON] unsigned char 
 Return value:  Size  Location     Type
                  1    wreg      void 
 Registers used:
		wreg, fsr0l, fsr0h, status,2, status,0, pclath, cstack
 Tracked objects:
		On entry : 
		On exit  : 
		Unchanged: 
 Data sizes:     COMMON   BANK0   BANK1   BANK2   BANK3   BANK4   BANK5   BANK6
      Params:         1       0       0       0       0       0       0       0
      Locals:         1       0       0       0       0       0       0       0
      Temps:          2       0       0       0       0       0       0       0
      Totals:         4       0       0       0       0       0       0       0
Total ram usage:        4 bytes
 Hardware stack levels used:    1
 Hardware stack levels required when called:    5
 This function calls:
		_LCD_CMD
 This function is called by:
		_main
 This function uses a non-reentrant model


 *************** function _LCD_Init *****************
 Defined at:
		line 89 in file "./I2C_LCD.c"
 Parameters:    Size  Location     Type
  I2C_Add         1    wreg     unsigned char 
 Auto vars:     Size  Location     Type
  I2C_Add         1    7[COMMON] unsigned char 
 Return value:  Size  Location     Type
                  1    wreg      void 
 Registers used:
		wreg, status,2, status,0, pclath, cstack
 Tracked objects:
		On entry : 
		On exit  : 
		Unchanged: 
 Data sizes:     COMMON   BANK0   BANK1   BANK2   BANK3   BANK4   BANK5   BANK6
      Params:         0       0       0       0       0       0       0       0
      Locals:         1       0       0       0       0       0       0       0
      Temps:          1       0       0       0       0       0       0       0
      Totals:         2       0       0       0       0       0       0       0
Total ram usage:        2 bytes
 Hardware stack levels used:    1
 Hardware stack levels required when called:    5
 This function calls:
		_IO_Expander_Write
		_LCD_CMD
 This function is called by:
		_main
 This function uses a non-reentrant model


 *************** function _LCD_CMD *****************
 Defined at:
		line 124 in file "./I2C_LCD.c"
 Parameters:    Size  Location     Type
  CMD             1    wreg     unsigned char 
 Auto vars:     Size  Location     Type
  CMD             1    5[COMMON] unsigned char 
 Return value:  Size  Location     Type
                  1    wreg      void 
 Registers used:
		wreg, status,2, status,0, pclath, cstack
 Tracked objects:
		On entry : 
		On exit  : 
		Unchanged: 
 Data sizes:     COMMON   BANK0   BANK1   BANK2   BANK3   BANK4   BANK5   BANK6
      Params:         0       0       0       0       0       0       0       0
      Locals:         1       0       0       0       0       0       0       0
      Temps:          1       0       0       0       0       0       0       0
      Totals:         2       0       0       0       0       0       0       0
Total ram usage:        2 bytes
 Hardware stack levels used:    1
 Hardware stack levels required when called:    4
 This function calls:
		_LCD_Write_4Bit
 This function is called by:
		_LCD_Init
		_LCD_Set_Cursor
		_LCD_SL
		_LCD_SR
		_LCD_Clear
 This function uses a non-reentrant model


 *************** function _LCD_Write_4Bit *****************
 Defined at:
		line 117 in file "./I2C_LCD.c"
 Parameters:    Size  Location     Type
  Nibble          1    wreg     unsigned char 
 Auto vars:     Size  Location     Type
  Nibble          1    3[COMMON] unsigned char 
 Return value:  Size  Location     Type
                  1    wreg      void 
 Registers used:
		wreg, status,2, status,0, pclath, cstack
 Tracked objects:
		On entry : 
		On exit  : 
		Unchanged: 
 Data sizes:     COMMON   BANK0   BANK1   BANK2   BANK3   BANK4   BANK5   BANK6
      Params:         0       0       0       0       0       0       0       0
      Locals:         1       0       0       0       0       0       0       0
      Temps:          1       0       0       0       0       0       0       0
      Totals:         2       0       0       0       0       0       0       0
Total ram usage:        2 bytes
 Hardware stack levels used:    1
 Hardware stack levels required when called:    3
 This function calls:
		_IO_Expander_Write
 This function is called by:
		_LCD_CMD
		_LCD_Write_Char
 This function uses a non-reentrant model


 *************** function _IO_Expander_Write *****************
 Defined at:
		line 110 in file "./I2C_LCD.c"
 Parameters:    Size  Location     Type
  Data            1    wreg     unsigned char 
 Auto vars:     Size  Location     Type
  Data            1    1[COMMON] unsigned char 
 Return value:  Size  Location     Type
                  1    wreg      void 
 Registers used:
		wreg, status,2, status,0, pclath, cstack
 Tracked objects:
		On entry : 
		On exit  : 
		Unchanged: 
 Data sizes:     COMMON   BANK0   BANK1   BANK2   BANK3   BANK4   BANK5   BANK6
      Params:         0       0       0       0       0       0       0       0
      Locals:         1       0       0       0       0       0       0       0
      Temps:          0       0       0       0       0       0       0       0
      Totals:         1       0       0       0       0       0       0       0
Total ram usage:        1 bytes
 Hardware stack levels used:    1
 Hardware stack levels required when called:    2
 This function calls:
		_I2C_Master_Start
		_I2C_Master_Stop
		_I2C_Master_Write
 This function is called by:
		_LCD_Init
		_LCD_Write_4Bit
		_Backlight
		_noBacklight
 This function uses a non-reentrant model


 *************** function _I2C_Master_Write *****************
 Defined at:
		line 71 in file "./I2C_LCD.c"
 Parameters:    Size  Location     Type
  data            1    wreg     unsigned char 
 Auto vars:     Size  Location     Type
  data            1    0[COMMON] unsigned char 
 Return value:  Size  Location     Type
                  1    wreg      unsigned char 
 Registers used:
		wreg, status,2, status,0, pclath, cstack
 Tracked objects:
		On entry : 
		On exit  : 
		Unchanged: 
 Data sizes:     COMMON   BANK0   BANK1   BANK2   BANK3   BANK4   BANK5   BANK6
      Params:         0       0       0       0       0       0       0       0
      Locals:         1       0       0       0       0       0       0       0
      Temps:          0       0       0       0       0       0       0       0
      Totals:         1       0       0       0       0       0       0       0
Total ram usage:        1 bytes
 Hardware stack levels used:    1
 Hardware stack levels required when called:    1
 This function calls:
		_I2C_Master_Wait
 This function is called by:
		_IO_Expander_Write
 This function uses a non-reentrant model


 *************** function _I2C_Master_Stop *****************
 Defined at:
		line 57 in file "./I2C_LCD.c"
 Parameters:    Size  Location     Type
		None
 Auto vars:     Size  Location     Type
		None
 Return value:  Size  Location     Type
                  1    wreg      void 
 Registers used:
		wreg, status,2, status,0, pclath, cstack
 Tracked objects:
		On entry : 
		On exit  : 
		Unchanged: 
 Data sizes:     COMMON   BANK0   BANK1   BANK2   BANK3   BANK4   BANK5   BANK6
      Params:         0       0       0       0       0       0       0       0
      Locals:         0       0       0       0       0       0       0       0
      Temps:          0       0       0       0       0       0       0       0
      Totals:         0       0       0       0       0       0       0       0
Total ram usage:        0 bytes
 Hardware stack levels used:    1
 Hardware stack levels required when called:    1
 This function calls:
		_I2C_Master_Wait
 This function is called by:
		_IO_Expander_Write
 This function uses a non-reentrant model


 *************** function _I2C_Master_Start *****************
 Defined at:
		line 49 in file "./I2C_LCD.c"
 Parameters:    Size  Location     Type
		None
 Auto vars:     Size  Location     Type
		None
 Return value:  Size  Location     Type
                  1    wreg      void 
 Registers used:
		wreg, status,2, status,0, pclath, cstack
 Tracked objects:
		On entry : 
		On exit  : 
		Unchanged: 
 Data sizes:     COMMON   BANK0   BANK1   BANK2   BANK3   BANK4   BANK5   BANK6
      Params:         0       0       0       0       0       0       0       0
      Locals:         0       0       0       0       0       0       0       0
      Temps:          0       0       0       0       0       0       0       0
      Totals:         0       0       0       0       0       0       0       0
Total ram usage:        0 bytes
 Hardware stack levels used:    1
 Hardware stack levels required when called:    1
 This function calls:
		_I2C_Master_Wait
 This function is called by:
		_IO_Expander_Write
 This function uses a non-reentrant model


 *************** function _I2C_Master_Wait *****************
 Defined at:
		line 36 in file "./I2C_LCD.c"
 Parameters:    Size  Location     Type
		None
 Auto vars:     Size  Location     Type
		None
 Return value:  Size  Location     Type
                  1    wreg      void 
 Registers used:
		wreg, status,2
 Tracked objects:
		On entry : 
		On exit  : 
		Unchanged: 
 Data sizes:     COMMON   BANK0   BANK1   BANK2   BANK3   BANK4   BANK5   BANK6
      Params:         0       0       0       0       0       0       0       0
      Locals:         0       0       0       0       0       0       0       0
      Temps:          0       0       0       0       0       0       0       0
      Totals:         0       0       0       0       0       0       0       0
Total ram usage:        0 bytes
 Hardware stack levels used:    1
 This function calls:
		Nothing
 This function is called by:
		_I2C_Master_Start
		_I2C_Master_Stop
		_I2C_Master_Write
		_I2C_Master_RepeatedStart
		_I2C_ACK
		_I2C_NACK
		_I2C_Read_Byte
 This function uses a non-reentrant model


 *************** function _I2C_Master_Init *****************
 Defined at:
		line 6 in file "./I2C_LCD.c"
 Parameters:    Size  Location     Type
		None
 Auto vars:     Size  Location     Type
		None
 Return value:  Size  Location     Type
                  1    wreg      void 
 Registers used:
		wreg, status,2
 Tracked objects:
		On entry : 
		On exit  : 
		Unchanged: 
 Data sizes:     COMMON   BANK0   BANK1   BANK2   BANK3   BANK4   BANK5   BANK6
      Params:         0       0       0       0       0       0       0       0
      Locals:         0       0       0       0       0       0       0       0
      Temps:          0       0       0       0       0       0       0       0
      Totals:         0       0       0       0       0       0       0       0
Total ram usage:        0 bytes
 Hardware stack levels used:    1
 This function calls:
		Nothing
 This function is called by:
		_main
 This function uses a non-reentrant model



MODULE INFORMATION

Module		Function		Class		Link	Load	Size
mcc_generated_files/pin_manager.c
		_PIN_MANAGER_Initialize		CODE           	06FD	0000	40

mcc_generated_files/pin_manager.c estimated size: 40

shared
		__initialization		CODE           	07F8	0000	6

shared estimated size: 6

mcc_generated_files/mcc.c
		_PMD_Initialize		CODE           	064F	0000	9
		_OSCILLATOR_Initialize		CODE           	0657	0000	10
		_SYSTEM_Initialize		CODE           	0660	0000	11

mcc_generated_files/mcc.c estimated size: 30

./I2C_LCD.c
		_LCD_Init      		CODE           	0795	0000	100
		_LCD_Write_4Bit		CODE           	06A4	0000	20
		_LCD_Write_Char		CODE           	06CB	0000	22
		_LCD_CMD       		CODE           	06B7	0000	21
		_I2C_Master_Wait		CODE           	0675	0000	13
		_I2C_Master_Init		CODE           	066A	0000	12
		_I2C_Master_Stop		CODE           	0649	0000	7
		_LCD_Set_Cursor		CODE           	0724	0000	47
		_IO_Expander_Write		CODE           	0691	0000	20
		_I2C_Master_Write		CODE           	0681	0000	17
		_I2C_Master_Start		CODE           	0643	0000	7
		_LCD_Write_String		CODE           	06E0	0000	30

./I2C_LCD.c estimated size: 316

main.c
		_main          		CODE           	0752	0000	68

main.c estimated size: 68

